../Core/Src/main.c:95:5:main	8	static
../Core/Src/main.c:198:6:SystemClock_Config	72	static
../Core/Src/main.c:238:13:MX_TIM2_Init	56	static
../Core/Src/main.c:287:13:MX_TIM3_Init	56	static
../Core/Src/main.c:336:13:MX_TIM4_Init	32	static
../Core/Src/main.c:381:13:MX_TIM8_Init	96	static
../Core/Src/main.c:460:13:MX_USART1_UART_Init	8	static
../Core/Src/main.c:491:13:MX_DMA_Init	16	static
../Core/Src/main.c:512:13:MX_GPIO_Init	40	static
../Core/Src/main.c:535:6:HAL_UART_RxCpltCallback	32	static,ignoring_inline_asm
../Core/Src/main.c:580:6:HAL_UART_TxCpltCallback	16	static
../Core/Src/main.c:584:6:handleMessage	16	static
../Core/Src/main.c:611:6:setRpm	24	static
../Core/Src/main.c:650:6:responseCmd	24	static
../Core/Src/main.c:717:6:Error_Handler	4	static,ignoring_inline_asm
