../Core/Src/main.c:89:5:main	16	static
../Core/Src/main.c:191:6:SystemClock_Config	72	static
../Core/Src/main.c:231:13:MX_TIM2_Init	56	static
../Core/Src/main.c:280:13:MX_TIM3_Init	56	static
../Core/Src/main.c:329:13:MX_TIM4_Init	32	static
../Core/Src/main.c:374:13:MX_TIM8_Init	96	static
../Core/Src/main.c:453:13:MX_USART1_UART_Init	8	static
../Core/Src/main.c:484:13:MX_DMA_Init	16	static
../Core/Src/main.c:505:13:MX_GPIO_Init	40	static
../Core/Src/main.c:528:6:HAL_UART_RxCpltCallback	56	static,ignoring_inline_asm
../Core/Src/main.c:568:6:HAL_UART_TxCpltCallback	16	static
../Core/Src/main.c:577:6:Error_Handler	4	static,ignoring_inline_asm
